#-----------------------------------------------------------
# Vivado v2025.2 (64-bit)
# SW Build 6299465 on Fri Nov 14 12:34:56 MST 2025
# IP Build 6300035 on Fri Nov 14 10:48:45 MST 2025
# SharedData Build 6298862 on Thu Nov 13 04:50:51 MST 2025
# Start of session at: Sat Apr 25 14:18:30 2026
# Process ID         : 676041
# Current directory  : /home/violet/Documents/Projects/RISC-V/verilog
# Command line       : vivado -mode tcl
# Log file           : /home/violet/Documents/Projects/RISC-V/verilog/vivado.log
# Journal file       : /home/violet/Documents/Projects/RISC-V/verilog/vivado.jou
# Running On         : violets-laptop
# Platform           : Ubuntu
# Operating System   : Ubuntu 25.10
# Processor Detail   : AMD Ryzen AI 5 340 w/ Radeon 840M
# CPU Frequency      : 1352.462 MHz
# CPU Physical cores : 6
# CPU Logical cores  : 12
# Host memory        : 15476 MB
# Swap memory        : 4294 MB
# Total Virtual      : 19771 MB
# Available Virtual  : 11060 MB
#-----------------------------------------------------------
open_hw_manager
connect_hw_server
open_hw_target
set cfgmem_part [lindex [get_cfgmem_parts *128*spi*x1_x2_x4] 0]
set cfgmem [get_hw_cfgmems *]
set hw_device [lindex [get_hw_devices] 0]
current_hw_device $hw_device
create_hw_cfgmem -hw_device $hw_device $cfgmem_part
set cfgmem [get_hw_cfgmems *]
report_property $cfgmem
