#-----------------------------------------------------------
# Vivado v2025.2 (64-bit)
# SW Build 6299465 on Fri Nov 14 12:34:56 MST 2025
# IP Build 6300035 on Fri Nov 14 10:48:45 MST 2025
# SharedData Build 6298862 on Thu Nov 13 04:50:51 MST 2025
# Start of session at: Fri Apr 24 15:35:02 2026
# Process ID         : 142959
# Current directory  : /home/violet/Documents/Projects/RISC-V/verilog
# Command line       : vivado -mode batch -source build.tcl
# Log file           : /home/violet/Documents/Projects/RISC-V/verilog/vivado.log
# Journal file       : /home/violet/Documents/Projects/RISC-V/verilog/vivado.jou
# Running On         : violets-laptop
# Platform           : Ubuntu
# Operating System   : Ubuntu 25.10
# Processor Detail   : AMD Ryzen AI 5 340 w/ Radeon 840M
# CPU Frequency      : 625.000 MHz
# CPU Physical cores : 6
# CPU Logical cores  : 12
# Host memory        : 15476 MB
# Swap memory        : 4294 MB
# Total Virtual      : 19771 MB
# Available Virtual  : 12877 MB
#-----------------------------------------------------------
source build.tcl
